// Jest Snapshot v1, https://goo.gl/fbAQLP

exports[`SideBar Card should render component 1`] = `ShallowWrapper {}`;
