// Jest Snapshot v1, https://goo.gl/fbAQLP

exports[`Product Result should render deeply should render deeply 1`] = `undefined`;

exports[`ProductResult should render the component 1`] = `ShallowWrapper {}`;
