// Jest Snapshot v1, https://goo.gl/fbAQLP

exports[`ProductCard should render the component 1`] = `ShallowWrapper {}`;
