// Jest Snapshot v1, https://goo.gl/fbAQLP

exports[`ProductType should render the component 1`] = `ShallowWrapper {}`;
