// Jest Snapshot v1, https://goo.gl/fbAQLP

exports[`Common Component - Button should render the component 1`] = `ShallowWrapper {}`;
